[ .... ] Case 1 
[✔︎ Pass] Case 1
[ .... ] Case 2 
[✔︎ Pass] Case 2
All cases passed.
